
> geocontent-pwa@1.1.0 build
> prisma generate && next build

node.exe : Loaded Prisma 
config from prisma.config.ts.
En línea: 1 Carácter: 1
+ & "C:\Program 
Files\nodejs/node.exe" "C:\Use
rs\Miquel\AppData\Roaming ...
+ ~~~~~~~~~~~~~~~~~~~~~~~~~~~~
~~~~~~~~~~~~~~~~~~~~~~~~~~~~~~
~~~~~~~~~~~
    + CategoryInfo          : 
    NotSpecified: (Loaded Pr  
  isma c...isma.config.ts.:   
 String) [], RemoteExcepti    
on
    + FullyQualifiedErrorId : 
    NativeCommandError
 

Prisma schema loaded from 
prisma\schema.prisma.

Ô£ö Generated Prisma Client (v7.5.0) to .\node_modules\@prisma\client in 912ms

Start by importing your Prisma Client (See: https://pris.ly/d/importing-client)


   Ôû▓ Next.js 15.5.12
   - Environments: .env
   - Experiments (use with caution):
     ┬À serverActions

   Creating an optimized production build ...
glob error [Error: EPERM: 
operation not permitted, 
scandir 'C:\Users\Miquel\AppDa
ta\Local\Temp\CFT44FF.tmp.dir'
] {
  errno: -4048,
  code: 'EPERM',
  syscall: 'scandir',
  path: 'C:\\Users\\Miquel\\Ap
pData\\Local\\Temp\\CFT44FF.tm
p.dir'
}
Failed to compile.

Error: EPERM: operation not 
permitted, scandir 'C:\Users\M
iquel\AppData\Local\Temp\CFT44
FF.tmp.dir'

HookWebpackError: Cannot read 
properties of undefined 
(reading 'server')
    at makeWebpackError (D:\Pr
ojectXX\Geocontent_Core\node_m
odules\next\dist\compiled\webp
ack\bundle5.js:29:315765)
    at D:\ProjectXX\Geocontent
_Core\node_modules\next\dist\c
ompiled\webpack\bundle5.js:29:
106471
    at eval (eval at create (D
:\ProjectXX\Geocontent_Core\no
de_modules\next\dist\compiled\
webpack\bundle5.js:14:9224), 
<anonymous>:20:1)
-- inner error --
TypeError: Cannot read 
properties of undefined 
(reading 'server')
    at FlightClientEntryPlugin
.createActionAssets (D:\Projec
tXX\Geocontent_Core\node_modul
es\next\dist\build\webpack\plu
gins\flight-client-entry-plugi
n.js:680:68)
    at D:\ProjectXX\Geocontent
_Core\node_modules\next\dist\b
uild\webpack\plugins\flight-cl
ient-entry-plugin.js:171:25
    at fn (D:\ProjectXX\Geocon
tent_Core\node_modules\next\di
st\compiled\webpack\bundle5.js
:29:70186)
    at _next7 (eval at create 
(D:\ProjectXX\Geocontent_Core\
node_modules\next\dist\compile
d\webpack\bundle5.js:14:9224),
 <anonymous>:12:17)
    at eval (eval at create (D
:\ProjectXX\Geocontent_Core\no
de_modules\next\dist\compiled\
webpack\bundle5.js:14:9224), 
<anonymous>:31:1)
caused by plugins in Compilati
on.hooks.processAssets
TypeError: Cannot read 
properties of undefined 
(reading 'server')
    at FlightClientEntryPlugin
.createActionAssets (D:\Projec
tXX\Geocontent_Core\node_modul
es\next\dist\build\webpack\plu
gins\flight-client-entry-plugi
n.js:680:68)
    at D:\ProjectXX\Geocontent
_Core\node_modules\next\dist\b
uild\webpack\plugins\flight-cl
ient-entry-plugin.js:171:25
    at fn (D:\ProjectXX\Geocon
tent_Core\node_modules\next\di
st\compiled\webpack\bundle5.js
:29:70186)
    at _next7 (eval at create 
(D:\ProjectXX\Geocontent_Core\
node_modules\next\dist\compile
d\webpack\bundle5.js:14:9224),
 <anonymous>:12:17)
    at eval (eval at create (D
:\ProjectXX\Geocontent_Core\no
de_modules\next\dist\compiled\
webpack\bundle5.js:14:9224), 
<anonymous>:31:1)


> Build failed because of 
webpack errors
